// Jest Snapshot v1, https://goo.gl/fbAQLP

exports[`Posts renders correctly 1`] = `
<View
  style={
    Object {
      "width": "100%",
    }
  }
>
  <View
    linkDefault={true}
    linkStyle={
      Object {
        "color": "#C0DEEF",
      }
    }
    onPress={[Function]}
    style={undefined}
  >
    <Text
      accessible={true}
      allowFontScaling={true}
      disabled={false}
      ellipsizeMode="tail"
      style={
        Array [
          Object {
            "color": "white",
            "fontFamily": "poppins",
          },
          null,
          Object {
            "color": "#B6B9BB",
            "marginTop": 0,
          },
        ]
      }
    >
      
    </Text>
  </View>
  <View
    linkDefault={true}
    linkStyle={
      Object {
        "color": "#C0DEEF",
      }
    }
    onPress={[Function]}
    style={undefined}
  >
    <Text
      accessible={true}
      allowFontScaling={true}
      disabled={false}
      ellipsizeMode="tail"
      style={
        Array [
          Object {
            "color": "white",
            "fontFamily": "poppins",
          },
          null,
          Object {
            "color": "#B6B9BB",
            "marginTop": 10,
          },
        ]
      }
    >
      sapdap dette er fett
    </Text>
  </View>
  <View
    linkDefault={true}
    linkStyle={
      Object {
        "color": "#C0DEEF",
      }
    }
    onPress={[Function]}
    style={undefined}
  >
    <Text
      accessible={true}
      allowFontScaling={true}
      disabled={false}
      ellipsizeMode="tail"
      style={
        Array [
          Object {
            "color": "white",
            "fontFamily": "poppins",
          },
          null,
          Object {
            "color": "#B6B9BB",
            "marginTop": 10,
          },
        ]
      }
    >
      
    </Text>
  </View>
</View>
`;
